{
  "$Cookie": {
    "Domain": "",
    "Expires": {
      "$Time": "2022-07-15 18:47:41 +0000 UTC"
    },
    "HttpOnly": false,
    "MaxAge": 0,
    "Name": "Cc2838679FT",
    "Path": "/",
    "Raw": "Cc2838679FT=SOME_RANDOM_VALUE; path=/; expires=Fri, 15 Jul 2022 18:47:41 GMT",
    "RawExpires": "Fri, 15 Jul 2022 18:47:41 GMT",
    "SameSite": {
      "$SameSite": 0
    },
    "Secure": false,
    "Unparsed": null,
    "Value": "SOME_RANDOM_VALUE"
  }
}
