{
  "$Book": {
    "Author": {
      "$Author": {
        "AvatarURL": "",
        "Biography": "",
        "ID": "4362453",
        "Name": "辰东",
        "UserID": ""
      }
    },
    "BookmarkCount": "*count*",
    "Category": {
      "$Category": "21"
    },
    "CoverURL": "https://bookcover.yuewen.com/qdbimg/349573/1004608738/180",
    "Finished": {
      "$Time": "0001-01-01 00:00:00 +0000 UTC"
    },
    "ID": "1004608738",
    "Introduction": "在破败中崛起，在寂灭中复苏。\n沧海成尘，雷电枯竭，那一缕幽雾又一次临近大地，世间的枷锁被打开了，一个全新的世界就此揭开神秘的一角……",
    "LastUpdated": {
      "$Time": "2022-11-26 20:42:24 +0800 CST"
    },
    "MonthRecommendCount": "*count*",
    "MonthTicketCount": "*count*",
    "Site": "",
    "SubCategory": {
      "$SubCategory": "8"
    },
    "Summary": "在破败中崛起，在寂灭中复苏。沧海成尘，雷电枯竭……  ",
    "Tags": [
      "完本",
      "签约",
      "VIP"
    ],
    "Title": "圣墟",
    "TotalRecommendCount": "*count*",
    "WeekRecommendCount": "*count*",
    "WordCount": "*count*"
  }
}
